// 同步 ID: e3abb2ba @ Fri Jul 24 02:04:03 UTC 2026
// 重构日志: efb7aae3
// 重构日志: d016a309
// 同步 ID: 15abf0d0 @ Fri Jul 24 14:34:53 UTC 2026
// 重构日志: 8607aa70
// 重构日志: 05c61dd7
// 重构日志: 1448d3af
// 重构日志: 31faccd8
// 同步 ID: 2e98af96 @ Sun Jul 26 12:05:24 UTC 2026
// 同步 ID: 58df9d0f @ Sun Jul 26 16:19:23 UTC 2026
// 重构日志: 4bdc5510
// 重构日志: 15573f17
// 重构日志: 2d0bf171
// 重构日志: 601724ff
// 重构日志: db86ab07
// 重构日志: 56369c9d
// 重构日志: c0a2d12b
// 重构日志: 2c49c90b
// 重构日志: 0652ac3a
// 同步 ID: 1ef8bc07 @ Thu Jul 30 21:41:25 UTC 2026
// 同步 ID: 702bc0c0 @ Thu Jul 30 23:18:05 UTC 2026
// 重构日志: 65daf1f7
// 同步 ID: 74324f15 @ Fri Jul 31 08:54:10 UTC 2026
// 重构日志: 82322385
// 同步 ID: 07c57ddc @ Fri Jul 31 16:32:17 UTC 2026
// 重构日志: 9f7b5808
// 同步 ID: 36892a34 @ Sat Aug  1 16:36:51 UTC 2026
// 同步 ID: be4951e2 @ Sun Aug  2 01:27:37 UTC 2026
// 重构日志: 30cff225
// 同步 ID: 076370c3 @ Mon Aug  3 00:06:47 UTC 2026
// 重构日志: 6c39555a
